{
  "Name": "Mike",
  "Job": "QA",
  "Id": 873,
  "CreatedAt": "2022-03-31T15:46:23.443+00:00"
}
