{
  "Name": "Mike",
  "Job": "QA",
  "Id": 404,
  "CreatedAt": "2022-03-31T15:45:52.824+00:00"
}
